........................................................................ [  7%]
........................................................................ [ 14%]
........................................................................ [ 21%]
........................................................................ [ 28%]
........................................................................ [ 35%]
........................................................................ [ 42%]
........................................................................ [ 49%]
........................................................................ [ 56%]
........................................................................ [ 63%]
........................................................................ [ 70%]
........................................................................ [ 77%]
........................................................................ [ 84%]
........................................................................ [ 91%]
........................................................................ [ 98%]
.................                                                        [100%]
============================== warnings summary ===============================
app\server\.venv\Lib\site-packages\fastapi\testclient.py:1
  G:\Projects\Repositories\Active projects\AEGIS Geospatial View\app\server\.venv\Lib\site-packages\fastapi\testclient.py:1: StarletteDeprecationWarning: Using `httpx` with `starlette.testclient` is deprecated; install `httpx2` instead.
    from starlette.testclient import TestClient as TestClient  # noqa

app\server\.venv\Lib\site-packages\google\genai\types.py:42
  G:\Projects\Repositories\Active projects\AEGIS Geospatial View\app\server\.venv\Lib\site-packages\google\genai\types.py:42: DeprecationWarning: '_UnionGenericAlias' is deprecated and slated for removal in Python 3.17
    VersionedUnionType = Union[builtin_types.UnionType, _UnionGenericAlias]

-- Docs: https://docs.pytest.org/en/stable/how-to/capture-warnings.html
1025 passed, 2 warnings in 32.43s
