{
  "auth_coverage": {
    "api-key": 11,
    "none": 75
  },
  "error_count": 0,
  "implementation_statuses": [
    {
      "api_endpoint_covered": false,
      "cache_implemented": true,
      "capability_id": "arcgis",
      "client_renderer_covered": true,
      "normalizer_implemented": true,
      "placeholder_statuses": [],
      "provider_fetch_implemented": true,
      "provider_id": "arcgis",
      "runtime_registered": false,
      "schema_valid": true,
      "unit_tested": true,
      "visual_tested": true
    },
    {
      "api_endpoint_covered": false,
      "cache_implemented": true,
      "capability_id": "census",
      "client_renderer_covered": true,
      "normalizer_implemented": true,
      "placeholder_statuses": [],
      "provider_fetch_implemented": true,
      "provider_id": "census",
      "runtime_registered": false,
      "schema_valid": true,
      "unit_tested": true,
      "visual_tested": true
    },
    {
      "api_endpoint_covered": false,
      "cache_implemented": true,
      "capability_id": "data_europa",
      "client_renderer_covered": true,
      "normalizer_implemented": true,
      "placeholder_statuses": [],
      "provider_fetch_implemented": true,
      "provider_id": "data_europa",
      "runtime_registered": false,
      "schema_valid": true,
      "unit_tested": true,
      "visual_tested": true
    },
    {
      "api_endpoint_covered": false,
      "cache_implemented": true,
      "capability_id": "eea",
      "client_renderer_covered": true,
      "normalizer_implemented": true,
      "placeholder_statuses": [],
      "provider_fetch_implemented": true,
      "provider_id": "eea",
      "runtime_registered": false,
      "schema_valid": true,
      "unit_tested": true,
      "visual_tested": true
    },
    {
      "api_endpoint_covered": false,
      "cache_implemented": true,
      "capability_id": "esa",
      "client_renderer_covered": true,
      "normalizer_implemented": true,
      "placeholder_statuses": [],
      "provider_fetch_implemented": true,
      "provider_id": "esa",
      "runtime_registered": false,
      "schema_valid": true,
      "unit_tested": true,
      "visual_tested": true
    },
    {
      "api_endpoint_covered": false,
      "cache_implemented": true,
      "capability_id": "eurostat",
      "client_renderer_covered": true,
      "normalizer_implemented": true,
      "placeholder_statuses": [],
      "provider_fetch_implemented": true,
      "provider_id": "eurostat",
      "runtime_registered": false,
      "schema_valid": true,
      "unit_tested": true,
      "visual_tested": true
    },
    {
      "api_endpoint_covered": false,
      "cache_implemented": true,
      "capability_id": "gbif",
      "client_renderer_covered": true,
      "normalizer_implemented": true,
      "placeholder_statuses": [],
      "provider_fetch_implemented": true,
      "provider_id": "gbif",
      "runtime_registered": false,
      "schema_valid": true,
      "unit_tested": true,
      "visual_tested": true
    },
    {
      "api_endpoint_covered": false,
      "cache_implemented": true,
      "capability_id": "geoss",
      "client_renderer_covered": true,
      "normalizer_implemented": true,
      "placeholder_statuses": [],
      "provider_fetch_implemented": true,
      "provider_id": "geoss",
      "runtime_registered": false,
      "schema_valid": true,
      "unit_tested": true,
      "visual_tested": true
    },
    {
      "api_endpoint_covered": false,
      "cache_implemented": false,
      "capability_id": "gibs",
      "client_renderer_covered": true,
      "normalizer_implemented": true,
      "placeholder_statuses": [],
      "provider_fetch_implemented": true,
      "provider_id": "gibs",
      "runtime_registered": false,
      "schema_valid": true,
      "unit_tested": true,
      "visual_tested": true
    },
    {
      "api_endpoint_covered": false,
      "cache_implemented": true,
      "capability_id": "google_maps",
      "client_renderer_covered": true,
      "normalizer_implemented": true,
      "placeholder_statuses": [],
      "provider_fetch_implemented": true,
      "provider_id": "google_maps",
      "runtime_registered": false,
      "schema_valid": true,
      "unit_tested": true,
      "visual_tested": true
    },
    {
      "api_endpoint_covered": false,
      "cache_implemented": true,
      "capability_id": "inspire",
      "client_renderer_covered": true,
      "normalizer_implemented": true,
      "placeholder_statuses": [],
      "provider_fetch_implemented": true,
      "provider_id": "inspire",
      "runtime_registered": false,
      "schema_valid": true,
      "unit_tested": true,
      "visual_tested": true
    },
    {
      "api_endpoint_covered": false,
      "cache_implemented": true,
      "capability_id": "openaq",
      "client_renderer_covered": true,
      "normalizer_implemented": true,
      "placeholder_statuses": [],
      "provider_fetch_implemented": true,
      "provider_id": "openaq",
      "runtime_registered": false,
      "schema_valid": true,
      "unit_tested": true,
      "visual_tested": true
    },
    {
      "api_endpoint_covered": false,
      "cache_implemented": true,
      "capability_id": "openmeteo",
      "client_renderer_covered": true,
      "normalizer_implemented": true,
      "placeholder_statuses": [],
      "provider_fetch_implemented": true,
      "provider_id": "openmeteo",
      "runtime_registered": false,
      "schema_valid": true,
      "unit_tested": true,
      "visual_tested": true
    },
    {
      "api_endpoint_covered": false,
      "cache_implemented": true,
      "capability_id": "overpass",
      "client_renderer_covered": true,
      "normalizer_implemented": true,
      "placeholder_statuses": [],
      "provider_fetch_implemented": true,
      "provider_id": "overpass",
      "runtime_registered": false,
      "schema_valid": true,
      "unit_tested": true,
      "visual_tested": true
    },
    {
      "api_endpoint_covered": false,
      "cache_implemented": true,
      "capability_id": "pvgis",
      "client_renderer_covered": true,
      "normalizer_implemented": true,
      "placeholder_statuses": [],
      "provider_fetch_implemented": true,
      "provider_id": "pvgis",
      "runtime_registered": false,
      "schema_valid": true,
      "unit_tested": true,
      "visual_tested": true
    },
    {
      "api_endpoint_covered": false,
      "cache_implemented": true,
      "capability_id": "rainviewer",
      "client_renderer_covered": true,
      "normalizer_implemented": true,
      "placeholder_statuses": [],
      "provider_fetch_implemented": true,
      "provider_id": "rainviewer",
      "runtime_registered": false,
      "schema_valid": true,
      "unit_tested": true,
      "visual_tested": true
    },
    {
      "api_endpoint_covered": false,
      "cache_implemented": true,
      "capability_id": "soilgrids",
      "client_renderer_covered": true,
      "normalizer_implemented": true,
      "placeholder_statuses": [],
      "provider_fetch_implemented": true,
      "provider_id": "soilgrids",
      "runtime_registered": false,
      "schema_valid": true,
      "unit_tested": true,
      "visual_tested": true
    },
    {
      "api_endpoint_covered": true,
      "cache_implemented": true,
      "capability_id": "tomtom",
      "client_renderer_covered": true,
      "normalizer_implemented": true,
      "placeholder_statuses": [],
      "provider_fetch_implemented": true,
      "provider_id": "tomtom",
      "runtime_registered": false,
      "schema_valid": true,
      "unit_tested": true,
      "visual_tested": true
    },
    {
      "api_endpoint_covered": false,
      "cache_implemented": false,
      "capability_id": "esri_world_imagery",
      "client_renderer_covered": true,
      "normalizer_implemented": true,
      "placeholder_statuses": [],
      "provider_fetch_implemented": true,
      "provider_id": "arcgis",
      "runtime_registered": true,
      "schema_valid": true,
      "unit_tested": true,
      "visual_tested": true
    },
    {
      "api_endpoint_covered": false,
      "cache_implemented": false,
      "capability_id": "openfreemap_liberty",
      "client_renderer_covered": true,
      "normalizer_implemented": true,
      "placeholder_statuses": [],
      "provider_fetch_implemented": true,
      "provider_id": "openfreemap",
      "runtime_registered": true,
      "schema_valid": true,
      "unit_tested": true,
      "visual_tested": true
    },
    {
      "api_endpoint_covered": false,
      "cache_implemented": false,
      "capability_id": "openfreemap_positron",
      "client_renderer_covered": true,
      "normalizer_implemented": true,
      "placeholder_statuses": [],
      "provider_fetch_implemented": true,
      "provider_id": "openfreemap",
      "runtime_registered": true,
      "schema_valid": true,
      "unit_tested": true,
      "visual_tested": true
    },
    {
      "api_endpoint_covered": false,
      "cache_implemented": false,
      "capability_id": "osm_dark",
      "client_renderer_covered": true,
      "normalizer_implemented": true,
      "placeholder_statuses": [],
      "provider_fetch_implemented": true,
      "provider_id": "cartodb_tiles",
      "runtime_registered": true,
      "schema_valid": true,
      "unit_tested": true,
      "visual_tested": true
    },
    {
      "api_endpoint_covered": false,
      "cache_implemented": false,
      "capability_id": "osm_default",
      "client_renderer_covered": true,
      "normalizer_implemented": true,
      "placeholder_statuses": [],
      "provider_fetch_implemented": true,
      "provider_id": "osm_tiles",
      "runtime_registered": true,
      "schema_valid": true,
      "unit_tested": true,
      "visual_tested": true
    },
    {
      "api_endpoint_covered": false,
      "cache_implemented": false,
      "capability_id": "osm_terrain",
      "client_renderer_covered": true,
      "normalizer_implemented": true,
      "placeholder_statuses": [],
      "provider_fetch_implemented": true,
      "provider_id": "terrain_tiles",
      "runtime_registered": true,
      "schema_valid": true,
      "unit_tested": true,
      "visual_tested": true
    },
    {
      "api_endpoint_covered": false,
      "cache_implemented": true,
      "capability_id": "census_acs_demographic_joins",
      "client_renderer_covered": true,
      "normalizer_implemented": true,
      "placeholder_statuses": [],
      "provider_fetch_implemented": true,
      "provider_id": "census",
      "runtime_registered": true,
      "schema_valid": true,
      "unit_tested": true,
      "visual_tested": true
    },
    {
      "api_endpoint_covered": false,
      "cache_implemented": true,
      "capability_id": "census_cartographic_boundaries",
      "client_renderer_covered": true,
      "normalizer_implemented": true,
      "placeholder_statuses": [],
      "provider_fetch_implemented": true,
      "provider_id": "census",
      "runtime_registered": true,
      "schema_valid": true,
      "unit_tested": true,
      "visual_tested": true
    },
    {
      "api_endpoint_covered": false,
      "cache_implemented": true,
      "capability_id": "census_tigerweb_demographics",
      "client_renderer_covered": true,
      "normalizer_implemented": true,
      "placeholder_statuses": [],
      "provider_fetch_implemented": true,
      "provider_id": "census",
      "runtime_registered": true,
      "schema_valid": true,
      "unit_tested": true,
      "visual_tested": true
    },
    {
      "api_endpoint_covered": false,
      "cache_implemented": true,
      "capability_id": "census_tigerweb_hydrography",
      "client_renderer_covered": true,
      "normalizer_implemented": true,
      "placeholder_statuses": [],
      "provider_fetch_implemented": true,
      "provider_id": "census",
      "runtime_registered": true,
      "schema_valid": true,
      "unit_tested": true,
      "visual_tested": true
    },
    {
      "api_endpoint_covered": false,
      "cache_implemented": true,
      "capability_id": "eea_noise_2019",
      "client_renderer_covered": true,
      "normalizer_implemented": true,
      "placeholder_statuses": [],
      "provider_fetch_implemented": true,
      "provider_id": "eea",
      "runtime_registered": true,
      "schema_valid": true,
      "unit_tested": true,
      "visual_tested": true
    },
    {
      "api_endpoint_covered": false,
      "cache_implemented": true,
      "capability_id": "esa_worldcover",
      "client_renderer_covered": true,
      "normalizer_implemented": true,
      "placeholder_statuses": [],
      "provider_fetch_implemented": true,
      "provider_id": "esa",
      "runtime_registered": true,
      "schema_valid": true,
      "unit_tested": true,
      "visual_tested": true
    },
    {
      "api_endpoint_covered": false,
      "cache_implemented": true,
      "capability_id": "eurostat_housing_market",
      "client_renderer_covered": true,
      "normalizer_implemented": true,
      "placeholder_statuses": [],
      "provider_fetch_implemented": true,
      "provider_id": "eurostat",
      "runtime_registered": true,
      "schema_valid": true,
      "unit_tested": true,
      "visual_tested": true
    },
    {
      "api_endpoint_covered": false,
      "cache_implemented": true,
      "capability_id": "eurostat_nuts_regions",
      "client_renderer_covered": true,
      "normalizer_implemented": true,
      "placeholder_statuses": [],
      "provider_fetch_implemented": true,
      "provider_id": "eurostat",
      "runtime_registered": true,
      "schema_valid": true,
      "unit_tested": true,
      "visual_tested": true
    },
    {
      "api_endpoint_covered": false,
      "cache_implemented": true,
      "capability_id": "eurostat_regional_demographics",
      "client_renderer_covered": true,
      "normalizer_implemented": true,
      "placeholder_statuses": [],
      "provider_fetch_implemented": true,
      "provider_id": "eurostat",
      "runtime_registered": true,
      "schema_valid": true,
      "unit_tested": true,
      "visual_tested": true
    },
    {
      "api_endpoint_covered": false,
      "cache_implemented": true,
      "capability_id": "fema_nfhl_flood_zones",
      "client_renderer_covered": true,
      "normalizer_implemented": true,
      "placeholder_statuses": [],
      "provider_fetch_implemented": true,
      "provider_id": "fema",
      "runtime_registered": true,
      "schema_valid": true,
      "unit_tested": true,
      "visual_tested": true
    },
    {
      "api_endpoint_covered": false,
      "cache_implemented": true,
      "capability_id": "gbif_species_occurrences",
      "client_renderer_covered": true,
      "normalizer_implemented": true,
      "placeholder_statuses": [],
      "provider_fetch_implemented": true,
      "provider_id": "gbif",
      "runtime_registered": true,
      "schema_valid": true,
      "unit_tested": true,
      "visual_tested": true
    },
    {
      "api_endpoint_covered": false,
      "cache_implemented": false,
      "capability_id": "IMERG_Precipitation_Rate",
      "client_renderer_covered": true,
      "normalizer_implemented": true,
      "placeholder_statuses": [],
      "provider_fetch_implemented": true,
      "provider_id": "gibs",
      "runtime_registered": true,
      "schema_valid": true,
      "unit_tested": true,
      "visual_tested": true
    },
    {
      "api_endpoint_covered": false,
      "cache_implemented": true,
      "capability_id": "local_parcel_template",
      "client_renderer_covered": true,
      "normalizer_implemented": true,
      "placeholder_statuses": [],
      "provider_fetch_implemented": true,
      "provider_id": "local_open_data",
      "runtime_registered": true,
      "schema_valid": true,
      "unit_tested": true,
      "visual_tested": true
    },
    {
      "api_endpoint_covered": false,
      "cache_implemented": false,
      "capability_id": "MODIS_Combined_L3_IGBP_Land_Cover_Type_Annual",
      "client_renderer_covered": true,
      "normalizer_implemented": true,
      "placeholder_statuses": [],
      "provider_fetch_implemented": true,
      "provider_id": "gibs",
      "runtime_registered": true,
      "schema_valid": true,
      "unit_tested": true,
      "visual_tested": true
    },
    {
      "api_endpoint_covered": false,
      "cache_implemented": false,
      "capability_id": "MODIS_Combined_Thermal_Anomalies_Fire",
      "client_renderer_covered": true,
      "normalizer_implemented": true,
      "placeholder_statuses": [],
      "provider_fetch_implemented": true,
      "provider_id": "gibs",
      "runtime_registered": true,
      "schema_valid": true,
      "unit_tested": true,
      "visual_tested": true
    },
    {
      "api_endpoint_covered": false,
      "cache_implemented": false,
      "capability_id": "MODIS_Terra_Aerosol",
      "client_renderer_covered": true,
      "normalizer_implemented": true,
      "placeholder_statuses": [],
      "provider_fetch_implemented": true,
      "provider_id": "gibs",
      "runtime_registered": true,
      "schema_valid": true,
      "unit_tested": true,
      "visual_tested": true
    },
    {
      "api_endpoint_covered": false,
      "cache_implemented": false,
      "capability_id": "MODIS_Terra_L3_Land_Water_Mask",
      "client_renderer_covered": true,
      "normalizer_implemented": true,
      "placeholder_statuses": [],
      "provider_fetch_implemented": true,
      "provider_id": "gibs",
      "runtime_registered": true,
      "schema_valid": true,
      "unit_tested": true,
      "visual_tested": true
    },
    {
      "api_endpoint_covered": false,
      "cache_implemented": false,
      "capability_id": "MODIS_Terra_Land_Surface_Temp_Day",
      "client_renderer_covered": true,
      "normalizer_implemented": true,
      "placeholder_statuses": [],
      "provider_fetch_implemented": true,
      "provider_id": "gibs",
      "runtime_registered": true,
      "schema_valid": true,
      "unit_tested": true,
      "visual_tested": true
    },
    {
      "api_endpoint_covered": false,
      "cache_implemented": false,
      "capability_id": "MODIS_Terra_Land_Surface_Temp_Night",
      "client_renderer_covered": true,
      "normalizer_implemented": true,
      "placeholder_statuses": [],
      "provider_fetch_implemented": true,
      "provider_id": "gibs",
      "runtime_registered": true,
      "schema_valid": true,
      "unit_tested": true,
      "visual_tested": true
    },
    {
      "api_endpoint_covered": false,
      "cache_implemented": false,
      "capability_id": "MODIS_Terra_NDVI_8Day",
      "client_renderer_covered": true,
      "normalizer_implemented": true,
      "placeholder_statuses": [],
      "provider_fetch_implemented": true,
      "provider_id": "gibs",
      "runtime_registered": true,
      "schema_valid": true,
      "unit_tested": true,
      "visual_tested": true
    },
    {
      "api_endpoint_covered": false,
      "cache_implemented": true,
      "capability_id": "nasa_firms_active_fires",
      "client_renderer_covered": true,
      "normalizer_implemented": true,
      "placeholder_statuses": [],
      "provider_fetch_implemented": true,
      "provider_id": "nasa_firms",
      "runtime_registered": true,
      "schema_valid": true,
      "unit_tested": true,
      "visual_tested": true
    },
    {
      "api_endpoint_covered": false,
      "cache_implemented": true,
      "capability_id": "natural_earth_admin_boundaries",
      "client_renderer_covered": true,
      "normalizer_implemented": true,
      "placeholder_statuses": [],
      "provider_fetch_implemented": true,
      "provider_id": "natural_earth",
      "runtime_registered": true,
      "schema_valid": true,
      "unit_tested": true,
      "visual_tested": true
    },
    {
      "api_endpoint_covered": false,
      "cache_implemented": true,
      "capability_id": "noaa_coops_water_levels",
      "client_renderer_covered": true,
      "normalizer_implemented": true,
      "placeholder_statuses": [],
      "provider_fetch_implemented": true,
      "provider_id": "noaa",
      "runtime_registered": true,
      "schema_valid": true,
      "unit_tested": true,
      "visual_tested": true
    },
    {
      "api_endpoint_covered": false,
      "cache_implemented": true,
      "capability_id": "noaa_radar",
      "client_renderer_covered": true,
      "normalizer_implemented": true,
      "placeholder_statuses": [],
      "provider_fetch_implemented": true,
      "provider_id": "noaa",
      "runtime_registered": true,
      "schema_valid": true,
      "unit_tested": true,
      "visual_tested": true
    },
    {
      "api_endpoint_covered": false,
      "cache_implemented": true,
      "capability_id": "noaa_weather_alerts",
      "client_renderer_covered": true,
      "normalizer_implemented": true,
      "placeholder_statuses": [],
      "provider_fetch_implemented": true,
      "provider_id": "noaa",
      "runtime_registered": true,
      "schema_valid": true,
      "unit_tested": true,
      "visual_tested": true
    },
    {
      "api_endpoint_covered": false,
      "cache_implemented": false,
      "capability_id": "OMPS_Ozone_Total_Column",
      "client_renderer_covered": true,
      "normalizer_implemented": true,
      "placeholder_statuses": [],
      "provider_fetch_implemented": true,
      "provider_id": "gibs",
      "runtime_registered": true,
      "schema_valid": true,
      "unit_tested": true,
      "visual_tested": true
    },
    {
      "api_endpoint_covered": false,
      "cache_implemented": true,
      "capability_id": "openaddresses_points",
      "client_renderer_covered": true,
      "normalizer_implemented": true,
      "placeholder_statuses": [],
      "provider_fetch_implemented": true,
      "provider_id": "openaddresses",
      "runtime_registered": true,
      "schema_valid": true,
      "unit_tested": true,
      "visual_tested": true
    },
    {
      "api_endpoint_covered": false,
      "cache_implemented": true,
      "capability_id": "openaq_air_quality",
      "client_renderer_covered": true,
      "normalizer_implemented": true,
      "placeholder_statuses": [],
      "provider_fetch_implemented": true,
      "provider_id": "openaq",
      "runtime_registered": true,
      "schema_valid": true,
      "unit_tested": true,
      "visual_tested": true
    },
    {
      "api_endpoint_covered": false,
      "cache_implemented": true,
      "capability_id": "openchargemap_ev_charging",
      "client_renderer_covered": true,
      "normalizer_implemented": true,
      "placeholder_statuses": [],
      "provider_fetch_implemented": true,
      "provider_id": "openchargemap",
      "runtime_registered": true,
      "schema_valid": true,
      "unit_tested": true,
      "visual_tested": true
    },
    {
      "api_endpoint_covered": false,
      "cache_implemented": true,
      "capability_id": "openmeteo_air_quality_forecast",
      "client_renderer_covered": true,
      "normalizer_implemented": true,
      "placeholder_statuses": [],
      "provider_fetch_implemented": true,
      "provider_id": "openmeteo",
      "runtime_registered": true,
      "schema_valid": true,
      "unit_tested": true,
      "visual_tested": true
    },
    {
      "api_endpoint_covered": false,
      "cache_implemented": true,
      "capability_id": "openmeteo_elevation",
      "client_renderer_covered": true,
      "normalizer_implemented": true,
      "placeholder_statuses": [],
      "provider_fetch_implemented": true,
      "provider_id": "openmeteo",
      "runtime_registered": true,
      "schema_valid": true,
      "unit_tested": true,
      "visual_tested": true
    },
    {
      "api_endpoint_covered": false,
      "cache_implemented": true,
      "capability_id": "openmeteo_pressure_humidity_wind",
      "client_renderer_covered": true,
      "normalizer_implemented": true,
      "placeholder_statuses": [],
      "provider_fetch_implemented": true,
      "provider_id": "openmeteo",
      "runtime_registered": true,
      "schema_valid": true,
      "unit_tested": true,
      "visual_tested": true
    },
    {
      "api_endpoint_covered": false,
      "cache_implemented": true,
      "capability_id": "openmeteo_weather_forecast",
      "client_renderer_covered": true,
      "normalizer_implemented": true,
      "placeholder_statuses": [],
      "provider_fetch_implemented": true,
      "provider_id": "openmeteo",
      "runtime_registered": true,
      "schema_valid": true,
      "unit_tested": true,
      "visual_tested": true
    },
    {
      "api_endpoint_covered": false,
      "cache_implemented": true,
      "capability_id": "opentripmap_tourism_pois",
      "client_renderer_covered": true,
      "normalizer_implemented": true,
      "placeholder_statuses": [],
      "provider_fetch_implemented": true,
      "provider_id": "opentripmap",
      "runtime_registered": true,
      "schema_valid": true,
      "unit_tested": true,
      "visual_tested": true
    },
    {
      "api_endpoint_covered": false,
      "cache_implemented": true,
      "capability_id": "ourairports_airports",
      "client_renderer_covered": true,
      "normalizer_implemented": true,
      "placeholder_statuses": [],
      "provider_fetch_implemented": true,
      "provider_id": "ourairports",
      "runtime_registered": true,
      "schema_valid": true,
      "unit_tested": true,
      "visual_tested": true
    },
    {
      "api_endpoint_covered": false,
      "cache_implemented": true,
      "capability_id": "overpass_poi_amenities",
      "client_renderer_covered": true,
      "normalizer_implemented": true,
      "placeholder_statuses": [],
      "provider_fetch_implemented": true,
      "provider_id": "overpass",
      "runtime_registered": true,
      "schema_valid": true,
      "unit_tested": true,
      "visual_tested": true
    },
    {
      "api_endpoint_covered": false,
      "cache_implemented": true,
      "capability_id": "overpass_residential_buildings",
      "client_renderer_covered": true,
      "normalizer_implemented": true,
      "placeholder_statuses": [],
      "provider_fetch_implemented": true,
      "provider_id": "overpass",
      "runtime_registered": true,
      "schema_valid": true,
      "unit_tested": true,
      "visual_tested": true
    },
    {
      "api_endpoint_covered": false,
      "cache_implemented": true,
      "capability_id": "overture_maps_places",
      "client_renderer_covered": true,
      "normalizer_implemented": true,
      "placeholder_statuses": [],
      "provider_fetch_implemented": true,
      "provider_id": "overture",
      "runtime_registered": true,
      "schema_valid": true,
      "unit_tested": true,
      "visual_tested": true
    },
    {
      "api_endpoint_covered": false,
      "cache_implemented": true,
      "capability_id": "pvgis_solar",
      "client_renderer_covered": true,
      "normalizer_implemented": true,
      "placeholder_statuses": [],
      "provider_fetch_implemented": true,
      "provider_id": "pvgis",
      "runtime_registered": true,
      "schema_valid": true,
      "unit_tested": true,
      "visual_tested": true
    },
    {
      "api_endpoint_covered": false,
      "cache_implemented": true,
      "capability_id": "rainviewer_precipitation_radar",
      "client_renderer_covered": true,
      "normalizer_implemented": true,
      "placeholder_statuses": [],
      "provider_fetch_implemented": true,
      "provider_id": "rainviewer",
      "runtime_registered": true,
      "schema_valid": true,
      "unit_tested": true,
      "visual_tested": true
    },
    {
      "api_endpoint_covered": false,
      "cache_implemented": true,
      "capability_id": "soilgrids_soil_properties",
      "client_renderer_covered": true,
      "normalizer_implemented": true,
      "placeholder_statuses": [],
      "provider_fetch_implemented": true,
      "provider_id": "soilgrids",
      "runtime_registered": true,
      "schema_valid": true,
      "unit_tested": true,
      "visual_tested": true
    },
    {
      "api_endpoint_covered": false,
      "cache_implemented": false,
      "capability_id": "SRTM_Color_Index",
      "client_renderer_covered": true,
      "normalizer_implemented": true,
      "placeholder_statuses": [],
      "provider_fetch_implemented": true,
      "provider_id": "gibs",
      "runtime_registered": true,
      "schema_valid": true,
      "unit_tested": true,
      "visual_tested": true
    },
    {
      "api_endpoint_covered": true,
      "cache_implemented": true,
      "capability_id": "tomtom_traffic_flow",
      "client_renderer_covered": true,
      "normalizer_implemented": true,
      "placeholder_statuses": [],
      "provider_fetch_implemented": true,
      "provider_id": "tomtom",
      "runtime_registered": true,
      "schema_valid": true,
      "unit_tested": true,
      "visual_tested": true
    },
    {
      "api_endpoint_covered": true,
      "cache_implemented": true,
      "capability_id": "tomtom_traffic_incidents",
      "client_renderer_covered": true,
      "normalizer_implemented": true,
      "placeholder_statuses": [],
      "provider_fetch_implemented": true,
      "provider_id": "tomtom",
      "runtime_registered": true,
      "schema_valid": true,
      "unit_tested": true,
      "visual_tested": true
    },
    {
      "api_endpoint_covered": false,
      "cache_implemented": true,
      "capability_id": "usgs_earthquakes",
      "client_renderer_covered": true,
      "normalizer_implemented": true,
      "placeholder_statuses": [],
      "provider_fetch_implemented": true,
      "provider_id": "usgs",
      "runtime_registered": true,
      "schema_valid": true,
      "unit_tested": true,
      "visual_tested": true
    },
    {
      "api_endpoint_covered": false,
      "cache_implemented": true,
      "capability_id": "usgs_water_gauges",
      "client_renderer_covered": true,
      "normalizer_implemented": true,
      "placeholder_statuses": [],
      "provider_fetch_implemented": true,
      "provider_id": "usgs",
      "runtime_registered": true,
      "schema_valid": true,
      "unit_tested": true,
      "visual_tested": true
    },
    {
      "api_endpoint_covered": false,
      "cache_implemented": false,
      "capability_id": "VIIRS_SNPP_CorrectedReflectance_TrueColor",
      "client_renderer_covered": true,
      "normalizer_implemented": true,
      "placeholder_statuses": [],
      "provider_fetch_implemented": true,
      "provider_id": "gibs",
      "runtime_registered": true,
      "schema_valid": true,
      "unit_tested": true,
      "visual_tested": true
    },
    {
      "api_endpoint_covered": false,
      "cache_implemented": false,
      "capability_id": "VIIRS_SNPP_DayNightBand_ENCC",
      "client_renderer_covered": true,
      "normalizer_implemented": true,
      "placeholder_statuses": [],
      "provider_fetch_implemented": true,
      "provider_id": "gibs",
      "runtime_registered": true,
      "schema_valid": true,
      "unit_tested": true,
      "visual_tested": true
    },
    {
      "api_endpoint_covered": false,
      "cache_implemented": true,
      "capability_id": "get_air_quality_forecast",
      "client_renderer_covered": true,
      "normalizer_implemented": true,
      "placeholder_statuses": [],
      "provider_fetch_implemented": true,
      "provider_id": "openmeteo",
      "runtime_registered": true,
      "schema_valid": true,
      "unit_tested": true,
      "visual_tested": true
    },
    {
      "api_endpoint_covered": false,
      "cache_implemented": true,
      "capability_id": "get_nearby_poi",
      "client_renderer_covered": true,
      "normalizer_implemented": true,
      "placeholder_statuses": [],
      "provider_fetch_implemented": true,
      "provider_id": "overpass",
      "runtime_registered": true,
      "schema_valid": true,
      "unit_tested": true,
      "visual_tested": true
    },
    {
      "api_endpoint_covered": false,
      "cache_implemented": true,
      "capability_id": "get_weather_forecast",
      "client_renderer_covered": true,
      "normalizer_implemented": true,
      "placeholder_statuses": [],
      "provider_fetch_implemented": true,
      "provider_id": "openmeteo",
      "runtime_registered": true,
      "schema_valid": true,
      "unit_tested": true,
      "visual_tested": true
    },
    {
      "api_endpoint_covered": false,
      "cache_implemented": true,
      "capability_id": "location_to_coordinates",
      "client_renderer_covered": true,
      "normalizer_implemented": true,
      "placeholder_statuses": [],
      "provider_fetch_implemented": true,
      "provider_id": "nominatim",
      "runtime_registered": true,
      "schema_valid": true,
      "unit_tested": true,
      "visual_tested": true
    },
    {
      "api_endpoint_covered": false,
      "cache_implemented": true,
      "capability_id": "dot_traffic_cameras",
      "client_renderer_covered": true,
      "normalizer_implemented": true,
      "placeholder_statuses": [],
      "provider_fetch_implemented": true,
      "provider_id": "local_open_data",
      "runtime_registered": true,
      "schema_valid": true,
      "unit_tested": true,
      "visual_tested": true
    },
    {
      "api_endpoint_covered": false,
      "cache_implemented": true,
      "capability_id": "environmental_monitoring_cameras",
      "client_renderer_covered": true,
      "normalizer_implemented": true,
      "placeholder_statuses": [],
      "provider_fetch_implemented": true,
      "provider_id": "local_open_data",
      "runtime_registered": true,
      "schema_valid": true,
      "unit_tested": true,
      "visual_tested": true
    },
    {
      "api_endpoint_covered": false,
      "cache_implemented": true,
      "capability_id": "port_airport_webcams",
      "client_renderer_covered": true,
      "normalizer_implemented": true,
      "placeholder_statuses": [],
      "provider_fetch_implemented": true,
      "provider_id": "local_open_data",
      "runtime_registered": true,
      "schema_valid": true,
      "unit_tested": true,
      "visual_tested": true
    },
    {
      "api_endpoint_covered": false,
      "cache_implemented": true,
      "capability_id": "public_transport_cameras",
      "client_renderer_covered": true,
      "normalizer_implemented": true,
      "placeholder_statuses": [],
      "provider_fetch_implemented": true,
      "provider_id": "local_open_data",
      "runtime_registered": true,
      "schema_valid": true,
      "unit_tested": true,
      "visual_tested": true
    },
    {
      "api_endpoint_covered": false,
      "cache_implemented": true,
      "capability_id": "ski_resort_webcams",
      "client_renderer_covered": true,
      "normalizer_implemented": true,
      "placeholder_statuses": [],
      "provider_fetch_implemented": true,
      "provider_id": "local_open_data",
      "runtime_registered": true,
      "schema_valid": true,
      "unit_tested": true,
      "visual_tested": true
    },
    {
      "api_endpoint_covered": false,
      "cache_implemented": true,
      "capability_id": "tourism_webcams",
      "client_renderer_covered": true,
      "normalizer_implemented": true,
      "placeholder_statuses": [],
      "provider_fetch_implemented": true,
      "provider_id": "local_open_data",
      "runtime_registered": true,
      "schema_valid": true,
      "unit_tested": true,
      "visual_tested": true
    },
    {
      "api_endpoint_covered": false,
      "cache_implemented": true,
      "capability_id": "windy_webcams",
      "client_renderer_covered": true,
      "normalizer_implemented": true,
      "placeholder_statuses": [],
      "provider_fetch_implemented": true,
      "provider_id": "windy_webcams",
      "runtime_registered": true,
      "schema_valid": true,
      "unit_tested": true,
      "visual_tested": true
    },
    {
      "api_endpoint_covered": false,
      "cache_implemented": true,
      "capability_id": "gtfs_realtime",
      "client_renderer_covered": true,
      "normalizer_implemented": true,
      "placeholder_statuses": [],
      "provider_fetch_implemented": true,
      "provider_id": "gtfs_realtime",
      "runtime_registered": true,
      "schema_valid": true,
      "unit_tested": true,
      "visual_tested": true
    },
    {
      "api_endpoint_covered": false,
      "cache_implemented": true,
      "capability_id": "gtfs_static",
      "client_renderer_covered": true,
      "normalizer_implemented": true,
      "placeholder_statuses": [],
      "provider_fetch_implemented": true,
      "provider_id": "gtfs_static",
      "runtime_registered": true,
      "schema_valid": true,
      "unit_tested": true,
      "visual_tested": true
    },
    {
      "api_endpoint_covered": false,
      "cache_implemented": true,
      "capability_id": "mobility_database_feeds",
      "client_renderer_covered": true,
      "normalizer_implemented": true,
      "placeholder_statuses": [],
      "provider_fetch_implemented": true,
      "provider_id": "mobility_database",
      "runtime_registered": true,
      "schema_valid": true,
      "unit_tested": true,
      "visual_tested": true
    }
  ],
  "issues": [],
  "manifest_count": 86,
  "provider_coverage": {
    "arcgis": 2,
    "cartodb_tiles": 1,
    "census": 5,
    "data_europa": 1,
    "eea": 2,
    "esa": 2,
    "eurostat": 4,
    "fema": 1,
    "gbif": 2,
    "geoss": 1,
    "gibs": 13,
    "google_maps": 1,
    "gtfs_realtime": 1,
    "gtfs_static": 1,
    "inspire": 1,
    "local_open_data": 7,
    "mobility_database": 1,
    "nasa_firms": 1,
    "natural_earth": 1,
    "noaa": 3,
    "nominatim": 1,
    "openaddresses": 1,
    "openaq": 2,
    "openchargemap": 1,
    "openfreemap": 2,
    "openmeteo": 7,
    "opentripmap": 1,
    "osm_tiles": 1,
    "ourairports": 1,
    "overpass": 4,
    "overture": 1,
    "pvgis": 2,
    "rainviewer": 2,
    "soilgrids": 2,
    "terrain_tiles": 1,
    "tomtom": 3,
    "usgs": 2,
    "windy_webcams": 1
  },
  "renderer_coverage": {
    "camera-points": 7,
    "choropleth": 2,
    "clustered-points": 19,
    "geojson": 3,
    "metadata-only": 28,
    "raster-tile": 4,
    "vector-tile": 5,
    "wms": 13,
    "wmts": 1,
    "xyz": 4
  },
  "schema_coverage": {
    "schema_v1": 73,
    "schema_v2": 13
  },
  "source_doc_coverage": {
    "with_source_docs": 86
  },
  "warning_count": 0
}
