........................................................................ [  8%]
........................................................................ [ 17%]
........................................................................ [ 26%]
........................................................................ [ 34%]
........................................................................ [ 43%]
........................................................................ [ 52%]
........................................................................ [ 61%]
........................................................................ [ 69%]
........................................................................ [ 78%]
........................................................................ [ 87%]
........................................................................ [ 96%]
.................................                                        [100%]
============================== warnings summary ===============================
app\server\.venv\Lib\site-packages\_pytest\config\__init__.py:1464
  G:\Projects\Repositories\Active projects\AEGIS Geospatial View\app\server\.venv\Lib\site-packages\_pytest\config\__init__.py:1464: PytestConfigWarning: Unknown config option: cache_dir
  
    self._warn_or_fail_if_strict(f"Unknown config option: {key}\n")

app\server\.venv\Lib\site-packages\fastapi\testclient.py:1
  G:\Projects\Repositories\Active projects\AEGIS Geospatial View\app\server\.venv\Lib\site-packages\fastapi\testclient.py:1: StarletteDeprecationWarning: Using `httpx` with `starlette.testclient` is deprecated; install `httpx2` instead.
    from starlette.testclient import TestClient as TestClient  # noqa

app\server\.venv\Lib\site-packages\google\genai\types.py:42
  G:\Projects\Repositories\Active projects\AEGIS Geospatial View\app\server\.venv\Lib\site-packages\google\genai\types.py:42: DeprecationWarning: '_UnionGenericAlias' is deprecated and slated for removal in Python 3.17
    VersionedUnionType = Union[builtin_types.UnionType, _UnionGenericAlias]

-- Docs: https://docs.pytest.org/en/stable/how-to/capture-warnings.html
825 passed, 3 warnings in 104.03s (0:01:44)
